### 交换机

### VLan--虚拟局域网技术，隔离广播流量

交换机有三种接口类型
Access　--　连接PC
Trunk　--　连接交换机--保留标签
Hibrid(混杂接口)　--可以用来连接PC　也可以连接交换机

![](https://raw.githubusercontent.com/zhoujiuzhou9/PicGo/main/pic/510llkx.png)

```tcl
sw1(config)#int e0/0
sw1(config-if)#
sw1(config-if)#switchport access vlan 10
sw1#show vlan
VLAN Name                             Status    Ports
---- -------------------------------- --------- -------------------------------
1    default                          active    Et0/1, Et0/3
10   VLAN0010                         active    Et0/0
1002 fddi-default                     act/unsup 
1003 token-ring-default               act/unsup 
1004 fddinet-default                  act/unsup 
1005 trnet-default                    act/unsup 

VLAN Type  SAID       MTU   Parent RingNo BridgeNo Stp  BrdgMode Trans1 Trans2
---- ----- ---------- ----- ------ ------ -------- ---- -------- ------ ------
1    enet  100001     1500  -      -      -        -    -        0      0   
10   enet  100010     1500  -      -      -        -    -        0      0   
1002 fddi  101002     1500  -      -      -        -    -        0      0   
1003 tr    101003     1500  -      -      -        -    -        0      0   
1004 fdnet 101004     1500  -      -      -        ieee -        0      0   
1005 trnet 101005     1500  -      -      -        ibm  -        0      0   

Primary Secondary Type              Ports
------- --------- ----------------- ------------------------------------------

```



```tcl
sw2#configure 
Configuring from terminal, memory, or network [terminal]? 
Enter configuration commands, one per line.  End with CNTL/Z.
sw2(config)#vlan 10
sw2(config-vlan)#exit
sw2(config)#int e0/0
sw2(config-if)#switchport mode access
sw2(config-if)#switchport  access  vlan 10
```



```tcl
sw1(config-if)#int e0/2             
sw1(config-if)#switchport trunk encapsulation dot1q 
sw1(config-if)#switch
sw1(config-if)#switchport mode trunk
sw1(config-if)#switchport trunk allowed vlan all    ###允许所有Vlan通过
sw1(config-if)#switchport trunk allowed vlan 10 20 30    ###针对特定Vlan通过
```



**VLAN将交换机进行逻辑上的隔离--导致不同的VLAN电脑不能通信**

解决方式：

​      · 接一台路由器-浪费接口-交换机接口-路由器接口

​				浪费接口

​      · Vlan 单臂路由

​				致命问题，单点故障，某种意义上来说 单臂路由已经淘汰了

​      · SVI：交换机的虚拟三层接口，一般只有三层交换机支持

 				三层交换机支持，路由转发，二层交换机支持MAC地址转发

```tcl
Switch(config)#int vlan 10
Switch(config-if)#
*Oct 11 12:26:29.078: %LINEPROTO-5-UPDOWN: Line protocol on Interface Vlan10, changed state to down
Switch(config-if)#ip add
Switch(config-if)#ip address 192.168.1.254
% Incomplete command.
Switch(config-if)#ip address 192.168.1.254 255.255.255.0
Switch(config-if)#no shutdown 

Router(config)#ip route 0.0.0.0 0.0.0.0 192.168.1.254
```

![](https://raw.githubusercontent.com/zhoujiuzhou9/PicGo/main/pic/23654987sdfs.png)

### STP生成树

**端口状态**

blocking() --- 刚开机

Listening() --- 不接受，不转发数据帧

Learning() ---  不接受，不转发数据帧，接受发送BPDU学习mac地址

Forwarding() --- 交换机端口角色已经选举完成，开始正常转发数据

Disable() --- 链路断了，手工禁止的状态



```tcl
sw3#show spanning-tree 

VLAN0001
  Spanning tree enabled protocol ieee
  Root ID    Priority    32769
             Address     aabb.cc00.1000
             Cost        100
             Port        1 (Ethernet0/0)
             Hello Time   2 sec  Max Age 20 sec  Forward Delay 15 sec

  Bridge ID  Priority    32769  (priority 32768 sys-id-ext 1)
             Address     aabb.cc00.3000
             Hello Time   2 sec  Max Age 20 sec  Forward Delay 15 sec
             Aging Time  300 sec

Interface           Role Sts Cost      Prio.Nbr Type
------------------- ---- --- --------- -------- --------------------------------
Et0/0               Root FWD 100       128.1    Shr 
Et0/1               Altn BLK 100       128.2    Shr 
Et0/2               Desg FWD 100       128.3    Shr 
Et0/3               Desg FWD 100       128.4    Shr


＃＃＃修改生成树
sw2(config)#spanning-tree vlan 1 priority 0

sw2#show spanning-tree 

VLAN0001
  Spanning tree enabled protocol ieee
  Root ID    Priority    1
             Address     aabb.cc00.2000
             This bridge is the root
             Hello Time   2 sec  Max Age 20 sec  Forward Delay 15 sec

  Bridge ID  Priority    1      (priority 0 sys-id-ext 1)
             Address     aabb.cc00.2000
             Hello Time   2 sec  Max Age 20 sec  Forward Delay 15 sec
             Aging Time  15  sec

Interface           Role Sts Cost      Prio.Nbr Type
------------------- ---- --- --------- -------- --------------------------------
Et0/0               Desg FWD 100       128.1    Shr 
Et0/1               Desg FWD 100       128.2    Shr 
Et0/2               Desg FWD 100       128.3    Shr 
Et0/3               Desg FWD 100       128.4    Shr 

```



### ACL

访问控制列表

**条件：网段或者是端口号**

**动作：拒绝**



1. 标准访问控制列表

​       只能匹配抱头种的源IP地址，无法针对特定的协议类型

2. 扩展访问控制列表
   可以匹配源IP，目的IP以及四层端口号，协议内容

```tcl
##标准访问控制列表
gw(config)#access-list 10 deny 200.1.1.100 0.0.0.0  
gw(config-if)#ip access-group 10 in
```

```tcl
##扩展访问控制列表
Router(config)#ip access-list extended huawei
Router(config-ext-nacl)#
Router(config-ext-nacl)#deny ip  192.168.1.0 0.0.0.255 192.168.2.0 0.0.0.255
Router(config-ext-nacl)#
Router(config-ext-nacl)#100 deny ip  192.168.4.0 0.0.0.255 192.168.3.0 0.0.0.2

Router(config)#access-list 101 permit ip 192.168.1.1 0.0.0.0 192.168.2.1 0.0.0
Router(config)#do show running-config
!
access-list 101 permit ip host 192.168.1.1 host 192.168.2.1

Router(config-ext-nacl)#deny ip  192.168.1.0 0.0.0.255 192.168.2.0 0.0.0.255
Router(config-ext-nacl)#100 deny ip  192.168.4.0 0.0.0.255 192.168.3.0 0.0.0.2
Router#show access-lists 
Extended IP access list 101
    10 permit ip host 192.168.1.1 host 192.168.2.1
Extended IP access list huawei
    10 deny ip 192.168.1.0 0.0.0.255 192.168.2.0 0.0.0.255
    100 deny ip 192.168.4.0 0.0.0.255 192.168.3.0 0.0.0.255
```



```tcl
Router(config-ext-nacl)#deny tcp 192.168.1.1 0.0.0.0 1.1.1.1 0.0.0.0 eq telnet
Router(config-ext-nacl)#permit ip any any

Router(config-if)#ip access-group huawei out
```



### DHCP

offer地址 IP GW 租期之类的东西。

![](https://raw.githubusercontent.com/zhoujiuzhou9/PicGo/main/pic/234dfg.png)



**DHCP Discover**	
DHCP 客户端在请求 IP 地址时并不知道 DHCP 服务器的位置，因此 DHCP 客户端会在本地网络内以 广播方式发送 Discover 请求报文，以发现网络中的 DHCP 服务器。所有收到 Discover 报文的 DHCP 服务 器都会发送应答报文， DHCP 客户端据此可以知道网络 中存在的 DHCP 服务器的位置。

**DHCP Offer**
DHCP 服务器收到 Discover 报文后，就会在所配置的 地址池中查找一个合适的 IP 地址，**加上相应的租约期 限和其他配置信息（如网关、 DNS 服务器等）**，构造一 个 Offer 报文，发送给 DHCP 客户端，告知用户本服务 器可以为其提供 IP 地址。但这个报文只是告诉 DHCP 客户端可以提供 IP 地址，最终还需要客户端通过 ARP 来 检测该 IP 地址是否重复。

**DHCP Request**
DHCP 客户端可能会收到很多 Offer 请求报文，所以必 须在这些应答中选择一个。通常是选择第一个 Offer 应答 报文的服务器作为自己的目标服务器，并向该服务器发 送一个广播的 Request 请求报文，通告选择的服务器， 希望获得所分配的 IP 地址。另外， DHCP 客户端在成 功获取 IP 地址后，在地址使用租期达到50% 时，会向 DHCP 服务器发送单播 Request 请求报文请求续延租约， 如果没有收到 ACK 报文，在租期达到87.5% 时，会再次发送 广播的 Request 请求报文以请求续延租约。

**DHCP ACK**
DHCP 服务器收到 Request 请求报文后，根据 Request 报文 中携带的用户 MAC 来查找有没有相应的租约记录，如果有 则发送 ACK 应答报文，通知用户可以使用分配的 IP 地址。
DHCP NAK
	
如果 DHCP 服务器收到 Request 请求报文后，没有发现有相 应的租约记录或者由于某些原因无法正常分配 IP 地址，则向 DHCP 客户端发送 NAK 应答报文，通知用户无法分配合适的 IP 地址。

**DHCP Release**
当 DHCP 客户端不再需要使用分配 IP 地址时，就会主动向 DHCP 服务器发送 RELEASE 请求报文，告知服务器用户不 再需要分配 IP 地址，请求 DHCP 服务器释放对应的 IP 地址。

**DHCP Decline**
DHCP 客户端收到 DHCP 服务器 ACK 应答报文后，通过地址 冲突检测发现服务器分配的地址冲突或者由于其他原因导致 不能使用，则会向 DHCP 服务器发送 Decline 请求报文，通知 服务器所分配的 IP 地址不可用，以期获得新的 IP 地址。

**DHCP Inform**
DHCP 客户端如果需要从 DHCP 服务器端获取更为详细的配 置信息，则向 DHCP 服务器发送 Inform 请求报文； DHCP 服 务器在收到该报文后，将根据租约进行查找到相应的配置信 息后，向 DHCP 客户端发送 ACK 应答报文。目前基本上不用了。

```tcl
Router(config-if)#ip address dhcp

Router(config)#
Router(config)#ip dhcp pool 10
Router(dhcp-config)#NETWORK 192.168.1.0 255.255.255.0
Router(dhcp-config)#
Router(dhcp-config)#
Router(dhcp-config)#
Router(dhcp-config)#default-ro
Router(dhcp-config)#default-router 192.168.1.1
Router(dhcp-config)#dns-server 8.8.8.8
Router(dhcp-config)#lease
Router(dhcp-config)#lease 365
Router(dhcp-config)#
Router(dhcp-config)#
Router(dhcp-config)#exit
Router(config)#
Router(config)#
Router(config)#ip dhcp exc
Router(config)#ip dhcp excluded-address 192.168.1.2

Router(config)#int e0/0
Router(config-if)#
Router(config-if)#
Router(config-if)#no shutdown
Router(config-if)#
*Oct 10 06:31:00.493: %LINK-3-UPDOWN: Interface Ethernet0/0, changed state to up
*Oct 10 06:31:01.499: %LINEPROTO-5-UPDOWN: Line protocol on Interface Ethernet0/0, changed state to up
Router(config-if)#ip address 192.168.1.1 255.255.255.0

Router#show ip dhcp binding
Bindings from all pools not associated with VRF:
IP address          Client-ID/              Lease expiration        Type
                    Hardware address/
                    User name
192.168.1.3         0063.6973.636f.2d61.    Oct 10 2021 02:41 PM    Automatic
                    6162.622e.6363.3030.
                    2e34.3030.302d.4574.
                    302f.30
192.168.1.4         0063.6973.636f.2d61.    Oct 10 2022 02:31 PM    Automatic
                    6162.622e.6363.3030.
                    2e33.3030.302d.4574.
                    302f.30
```

```tcl
Router(config-if)#no shutdown
Router(config-if)#
*Oct 10 06:31:36.738: %LINK-3-UPDOWN: Interface Ethernet0/0, changed state to up
*Oct 10 06:31:37.744: %LINEPROTO-5-UPDOWN: Line protocol on Interface Ethernet0/0, changed state to up
Router(config-if)#
*Oct 10 06:31:50.760: %DHCP-6-ADDRESS_ASSIGN: Interface Ethernet0/0 assigned DHCP address 192.168.1.4, mask 255.255.255.0, hostname Router
Router#show ip int brief 
Interface                  IP-Address      OK? Method Status                Protocol
Ethernet0/0                192.168.1.4     YES DHCP   up                    up      
Ethernet0/1                unassigned      YES unset  administratively down down    
Ethernet0/2                unassigned      YES unset  administratively down down    
Ethernet0/3                unassigned      YES unset  administratively down down    
Router#


```

